docker-compose : --progress is a global compose flag, better use `docker compose --progress xx build ...
位於 線路:1 字元:1
+ docker-compose build --no-cache --progress=plain rag_api 2>&1 | Tee-O ...
+ ~~~~~~~~~~~~~~~~~~~~~~~~~~~~~~~~~~~~~~~~~~~~~~~~~~~~~~~~~~~~~
    + CategoryInfo          : NotSpecified: (--progress is a...ss xx build ...:String) [], RemoteException
    + FullyQualifiedErrorId : NativeCommandError
 
#1 [internal] load local bake definitions
#1 reading from stdin 550B 0.0s done
#1 DONE 0.0s

#2 [internal] load build definition from dockerfile
#2 transferring dockerfile: 847B done
#2 DONE 0.0s

#3 [internal] load metadata for docker.io/library/python:3.11-slim
#3 DONE 0.7s

#4 [internal] load .dockerignore
#4 transferring context: 2B done
#4 DONE 0.0s

#5 [1/7] FROM docker.io/library/python:3.11-slim@sha256:8eb5fc663972b871c528fef04be4eaa9ab8ab4539a5316c4b8c133771214a617
#5 resolve docker.io/library/python:3.11-slim@sha256:8eb5fc663972b871c528fef04be4eaa9ab8ab4539a5316c4b8c133771214a617 0.0s done
#5 DONE 0.0s

#6 [2/7] WORKDIR /app
#6 CACHED

#7 [internal] load build context
#7 transferring context: 96B done
#7 DONE 0.0s

#8 [3/7] RUN apt-get update && apt-get install -y     curl     build-essential     && rm -rf /var/lib/apt/lists/*
#8 0.411 Hit:1 http://deb.debian.org/debian trixie InRelease
#8 0.469 Get:2 http://deb.debian.org/debian trixie-updates InRelease [47.3 kB]
#8 0.614 Get:3 http://deb.debian.org/debian-security trixie-security InRelease [43.4 kB]
#8 0.699 Get:4 http://deb.debian.org/debian trixie/main amd64 Packages [9669 kB]
#8 1.363 Get:5 http://deb.debian.org/debian trixie-updates/main amd64 Packages [5412 B]
#8 1.434 Get:6 http://deb.debian.org/debian-security trixie-security/main amd64 Packages [65.1 kB]
#8 1.988 Fetched 9830 kB in 2s (5642 kB/s)
#8 1.988 Reading package lists...
#8 2.507 Reading package lists...
#8 2.965 Building dependency tree...
#8 3.086 Reading state information...
#8 3.284 The following additional packages will be installed:
#8 3.284   bash-completion binutils binutils-common binutils-x86-64-linux-gnu bzip2 cpp
#8 3.284   cpp-14 cpp-14-x86-64-linux-gnu cpp-x86-64-linux-gnu dpkg-dev fakeroot g++
#8 3.284   g++-14 g++-14-x86-64-linux-gnu g++-x86-64-linux-gnu gcc gcc-14
#8 3.284   gcc-14-x86-64-linux-gnu gcc-x86-64-linux-gnu krb5-locales
#8 3.284   libalgorithm-diff-perl libalgorithm-diff-xs-perl libalgorithm-merge-perl
#8 3.284   libasan8 libatomic1 libbinutils libbrotli1 libc-dev-bin libc6-dev libcc1-0
#8 3.285   libcom-err2 libcrypt-dev libctf-nobfd0 libctf0 libcurl4t64 libdpkg-perl
#8 3.285   libfakeroot libfile-fcntllock-perl libgcc-14-dev libgdbm-compat4t64
#8 3.285   libgnutls30t64 libgomp1 libgprofng0 libgssapi-krb5-2 libhwasan0 libidn2-0
#8 3.285   libisl23 libitm1 libjansson4 libk5crypto3 libkeyutils1 libkrb5-3
#8 3.285   libkrb5support0 libldap-common libldap2 liblocale-gettext-perl liblsan0
#8 3.285   libmpc3 libmpfr6 libnghttp2-14 libnghttp3-9 libp11-kit0 libperl5.40
#8 3.286   libpsl5t64 libquadmath0 librtmp1 libsasl2-2 libsasl2-modules
#8 3.286   libsasl2-modules-db libsframe1 libssh2-1t64 libstdc++-14-dev libtasn1-6
#8 3.286   libtsan2 libubsan1 libunistring5 linux-libc-dev make manpages manpages-dev
#8 3.287   patch perl perl-modules-5.40 publicsuffix rpcsvc-proto sq xz-utils
#8 3.290 Suggested packages:
#8 3.290   binutils-doc gprofng-gui binutils-gold bzip2-doc cpp-doc gcc-14-locales
#8 3.290   cpp-14-doc debian-keyring debian-tag2upload-keyring g++-multilib
#8 3.290   g++-14-multilib gcc-14-doc gcc-multilib autoconf automake libtool flex bison
#8 3.290   gdb gcc-doc gcc-14-multilib gdb-x86-64-linux-gnu libc-devtools glibc-doc
#8 3.290   sensible-utils git bzr gnutls-bin krb5-doc krb5-user
#8 3.290   libsasl2-modules-gssapi-mit | libsasl2-modules-gssapi-heimdal
#8 3.290   libsasl2-modules-ldap libsasl2-modules-otp libsasl2-modules-sql
#8 3.290   libstdc++-14-doc make-doc man-browser ed diffutils-doc perl-doc
#8 3.290   libterm-readline-gnu-perl | libterm-readline-perl-perl
#8 3.290   libtap-harness-archive-perl
#8 3.593 The following NEW packages will be installed:
#8 3.593   bash-completion binutils binutils-common binutils-x86-64-linux-gnu
#8 3.593   build-essential bzip2 cpp cpp-14 cpp-14-x86-64-linux-gnu
#8 3.593   cpp-x86-64-linux-gnu curl dpkg-dev fakeroot g++ g++-14
#8 3.593   g++-14-x86-64-linux-gnu g++-x86-64-linux-gnu gcc gcc-14
#8 3.593   gcc-14-x86-64-linux-gnu gcc-x86-64-linux-gnu krb5-locales
#8 3.593   libalgorithm-diff-perl libalgorithm-diff-xs-perl libalgorithm-merge-perl
#8 3.593   libasan8 libatomic1 libbinutils libbrotli1 libc-dev-bin libc6-dev libcc1-0
#8 3.593   libcom-err2 libcrypt-dev libctf-nobfd0 libctf0 libcurl4t64 libdpkg-perl
#8 3.594   libfakeroot libfile-fcntllock-perl libgcc-14-dev libgdbm-compat4t64
#8 3.594   libgnutls30t64 libgomp1 libgprofng0 libgssapi-krb5-2 libhwasan0 libidn2-0
#8 3.594   libisl23 libitm1 libjansson4 libk5crypto3 libkeyutils1 libkrb5-3
#8 3.594   libkrb5support0 libldap-common libldap2 liblocale-gettext-perl liblsan0
#8 3.594   libmpc3 libmpfr6 libnghttp2-14 libnghttp3-9 libp11-kit0 libperl5.40
#8 3.594   libpsl5t64 libquadmath0 librtmp1 libsasl2-2 libsasl2-modules
#8 3.594   libsasl2-modules-db libsframe1 libssh2-1t64 libstdc++-14-dev libtasn1-6
#8 3.595   libtsan2 libubsan1 libunistring5 linux-libc-dev make manpages manpages-dev
#8 3.595   patch perl perl-modules-5.40 publicsuffix rpcsvc-proto sq xz-utils
#8 3.758 0 upgraded, 89 newly installed, 0 to remove and 0 not upgraded.
#8 3.758 Need to get 97.4 MB of archives.
#8 3.758 After this operation, 384 MB of additional disk space will be used.
#8 3.758 Get:1 http://deb.debian.org/debian trixie/main amd64 liblocale-gettext-perl amd64 1.07-7+b1 [15.3 kB]
#8 3.853 Get:2 http://deb.debian.org/debian trixie/main amd64 bash-completion all 1:2.16.0-7 [319 kB]
#8 4.073 Get:3 http://deb.debian.org/debian trixie/main amd64 bzip2 amd64 1.0.8-6 [40.5 kB]
#8 4.085 Get:4 http://deb.debian.org/debian trixie/main amd64 krb5-locales all 1.21.3-5 [101 kB]
#8 4.097 Get:5 http://deb.debian.org/debian trixie/main amd64 manpages all 6.9.1-1 [1393 kB]
#8 4.235 Get:6 http://deb.debian.org/debian trixie/main amd64 perl-modules-5.40 all 5.40.1-6 [3019 kB]
#8 4.346 Get:7 http://deb.debian.org/debian trixie/main amd64 libgdbm-compat4t64 amd64 1.24-2 [50.3 kB]
#8 4.347 Get:8 http://deb.debian.org/debian trixie/main amd64 libperl5.40 amd64 5.40.1-6 [4341 kB]
#8 4.444 Get:9 http://deb.debian.org/debian trixie/main amd64 perl amd64 5.40.1-6 [267 kB]
#8 4.449 Get:10 http://deb.debian.org/debian trixie/main amd64 xz-utils amd64 5.8.1-1 [660 kB]
#8 4.462 Get:11 http://deb.debian.org/debian trixie/main amd64 libsframe1 amd64 2.44-3 [78.4 kB]
#8 4.464 Get:12 http://deb.debian.org/debian trixie/main amd64 binutils-common amd64 2.44-3 [2509 kB]
#8 4.552 Get:13 http://deb.debian.org/debian trixie/main amd64 libbinutils amd64 2.44-3 [534 kB]
#8 4.564 Get:14 http://deb.debian.org/debian trixie/main amd64 libgprofng0 amd64 2.44-3 [808 kB]
#8 4.603 Get:15 http://deb.debian.org/debian trixie/main amd64 libctf-nobfd0 amd64 2.44-3 [156 kB]
#8 4.623 Get:16 http://deb.debian.org/debian trixie/main amd64 libctf0 amd64 2.44-3 [88.6 kB]
#8 4.627 Get:17 http://deb.debian.org/debian trixie/main amd64 libjansson4 amd64 2.14-2+b3 [39.8 kB]
#8 4.628 Get:18 http://deb.debian.org/debian trixie/main amd64 binutils-x86-64-linux-gnu amd64 2.44-3 [1014 kB]
#8 4.666 Get:19 http://deb.debian.org/debian trixie/main amd64 binutils amd64 2.44-3 [265 kB]
#8 4.677 Get:20 http://deb.debian.org/debian trixie/main amd64 libc-dev-bin amd64 2.41-12 [58.2 kB]
#8 4.678 Get:21 http://deb.debian.org/debian-security trixie-security/main amd64 linux-libc-dev all 6.12.48-1 [2671 kB]
#8 4.750 Get:22 http://deb.debian.org/debian trixie/main amd64 libcrypt-dev amd64 1:4.4.38-1 [119 kB]
#8 4.837 Get:23 http://deb.debian.org/debian trixie/main amd64 rpcsvc-proto amd64 1.4.3-1 [63.3 kB]
#8 4.841 Get:24 http://deb.debian.org/debian trixie/main amd64 libc6-dev amd64 2.41-12 [1991 kB]
#8 4.917 Get:25 http://deb.debian.org/debian trixie/main amd64 libisl23 amd64 0.27-1 [659 kB]
#8 4.934 Get:26 http://deb.debian.org/debian trixie/main amd64 libmpfr6 amd64 4.2.2-1 [729 kB]
#8 4.999 Get:27 http://deb.debian.org/debian trixie/main amd64 libmpc3 amd64 1.3.1-1+b3 [52.2 kB]
#8 5.003 Get:28 http://deb.debian.org/debian trixie/main amd64 cpp-14-x86-64-linux-gnu amd64 14.2.0-19 [11.0 MB]
#8 5.352 Get:29 http://deb.debian.org/debian trixie/main amd64 cpp-14 amd64 14.2.0-19 [1280 B]
#8 5.352 Get:30 http://deb.debian.org/debian trixie/main amd64 cpp-x86-64-linux-gnu amd64 4:14.2.0-1 [4840 B]
#8 5.352 Get:31 http://deb.debian.org/debian trixie/main amd64 cpp amd64 4:14.2.0-1 [1568 B]
#8 5.352 Get:32 http://deb.debian.org/debian trixie/main amd64 libcc1-0 amd64 14.2.0-19 [42.8 kB]
#8 5.353 Get:33 http://deb.debian.org/debian trixie/main amd64 libgomp1 amd64 14.2.0-19 [137 kB]
#8 5.358 Get:34 http://deb.debian.org/debian trixie/main amd64 libitm1 amd64 14.2.0-19 [26.0 kB]
#8 5.359 Get:35 http://deb.debian.org/debian trixie/main amd64 libatomic1 amd64 14.2.0-19 [9308 B]
#8 5.361 Get:36 http://deb.debian.org/debian trixie/main amd64 libasan8 amd64 14.2.0-19 [2725 kB]
#8 5.417 Get:37 http://deb.debian.org/debian trixie/main amd64 liblsan0 amd64 14.2.0-19 [1204 kB]
#8 5.441 Get:38 http://deb.debian.org/debian trixie/main amd64 libtsan2 amd64 14.2.0-19 [2460 kB]
#8 5.489 Get:39 http://deb.debian.org/debian trixie/main amd64 libubsan1 amd64 14.2.0-19 [1074 kB]
#8 5.527 Get:40 http://deb.debian.org/debian trixie/main amd64 libhwasan0 amd64 14.2.0-19 [1488 kB]
#8 5.562 Get:41 http://deb.debian.org/debian trixie/main amd64 libquadmath0 amd64 14.2.0-19 [145 kB]
#8 5.565 Get:42 http://deb.debian.org/debian trixie/main amd64 libgcc-14-dev amd64 14.2.0-19 [2672 kB]
#8 5.620 Get:43 http://deb.debian.org/debian trixie/main amd64 gcc-14-x86-64-linux-gnu amd64 14.2.0-19 [21.4 MB]
#8 6.078 Get:44 http://deb.debian.org/debian trixie/main amd64 gcc-14 amd64 14.2.0-19 [540 kB]
#8 6.090 Get:45 http://deb.debian.org/debian trixie/main amd64 gcc-x86-64-linux-gnu amd64 4:14.2.0-1 [1436 B]
#8 6.090 Get:46 http://deb.debian.org/debian trixie/main amd64 gcc amd64 4:14.2.0-1 [5136 B]
#8 6.091 Get:47 http://deb.debian.org/debian trixie/main amd64 libstdc++-14-dev amd64 14.2.0-19 [2376 kB]
#8 6.149 Get:48 http://deb.debian.org/debian trixie/main amd64 g++-14-x86-64-linux-gnu amd64 14.2.0-19 [12.1 MB]
#8 6.430 Get:49 http://deb.debian.org/debian trixie/main amd64 g++-14 amd64 14.2.0-19 [22.5 kB]
#8 6.431 Get:50 http://deb.debian.org/debian trixie/main amd64 g++-x86-64-linux-gnu amd64 4:14.2.0-1 [1200 B]
#8 6.432 Get:51 http://deb.debian.org/debian trixie/main amd64 g++ amd64 4:14.2.0-1 [1344 B]
#8 6.433 Get:52 http://deb.debian.org/debian trixie/main amd64 make amd64 4.4.1-2 [463 kB]
#8 6.440 Get:53 http://deb.debian.org/debian trixie/main amd64 libdpkg-perl all 1.22.21 [650 kB]
#8 6.455 Get:54 http://deb.debian.org/debian trixie/main amd64 patch amd64 2.8-2 [134 kB]
#8 6.459 Get:55 http://deb.debian.org/debian trixie/main amd64 dpkg-dev all 1.22.21 [1338 kB]
#8 6.487 Get:56 http://deb.debian.org/debian trixie/main amd64 build-essential amd64 12.12 [4624 B]
#8 6.488 Get:57 http://deb.debian.org/debian trixie/main amd64 libbrotli1 amd64 1.1.0-2+b7 [307 kB]
#8 6.502 Get:58 http://deb.debian.org/debian trixie/main amd64 libkrb5support0 amd64 1.21.3-5 [33.0 kB]
#8 6.516 Get:59 http://deb.debian.org/debian trixie/main amd64 libcom-err2 amd64 1.47.2-3+b3 [25.0 kB]
#8 6.518 Get:60 http://deb.debian.org/debian trixie/main amd64 libk5crypto3 amd64 1.21.3-5 [81.5 kB]
#8 6.521 Get:61 http://deb.debian.org/debian trixie/main amd64 libkeyutils1 amd64 1.6.3-6 [9456 B]
#8 6.521 Get:62 http://deb.debian.org/debian trixie/main amd64 libkrb5-3 amd64 1.21.3-5 [326 kB]
#8 6.530 Get:63 http://deb.debian.org/debian trixie/main amd64 libgssapi-krb5-2 amd64 1.21.3-5 [138 kB]
#8 6.539 Get:64 http://deb.debian.org/debian trixie/main amd64 libunistring5 amd64 1.3-2 [477 kB]
#8 6.560 Get:65 http://deb.debian.org/debian trixie/main amd64 libidn2-0 amd64 2.3.8-2 [109 kB]
#8 6.563 Get:66 http://deb.debian.org/debian trixie/main amd64 libsasl2-modules-db amd64 2.1.28+dfsg1-9 [19.8 kB]
#8 6.564 Get:67 http://deb.debian.org/debian trixie/main amd64 libsasl2-2 amd64 2.1.28+dfsg1-9 [57.5 kB]
#8 6.571 Get:68 http://deb.debian.org/debian trixie/main amd64 libldap2 amd64 2.6.10+dfsg-1 [194 kB]
#8 6.593 Get:69 http://deb.debian.org/debian trixie/main amd64 libnghttp2-14 amd64 1.64.0-1.1 [76.0 kB]
#8 6.596 Get:70 http://deb.debian.org/debian trixie/main amd64 libnghttp3-9 amd64 1.8.0-1 [67.7 kB]
#8 6.598 Get:71 http://deb.debian.org/debian trixie/main amd64 libpsl5t64 amd64 0.21.2-1.1+b1 [57.2 kB]
#8 6.603 Get:72 http://deb.debian.org/debian trixie/main amd64 libp11-kit0 amd64 0.25.5-3 [425 kB]
#8 6.624 Get:73 http://deb.debian.org/debian trixie/main amd64 libtasn1-6 amd64 4.20.0-2 [49.9 kB]
#8 6.625 Get:74 http://deb.debian.org/debian trixie/main amd64 libgnutls30t64 amd64 3.8.9-3 [1465 kB]
#8 6.665 Get:75 http://deb.debian.org/debian trixie/main amd64 librtmp1 amd64 2.4+20151223.gitfa8646d.1-2+b5 [58.8 kB]
#8 6.666 Get:76 http://deb.debian.org/debian trixie/main amd64 libssh2-1t64 amd64 1.11.1-1 [245 kB]
#8 6.674 Get:77 http://deb.debian.org/debian trixie/main amd64 libcurl4t64 amd64 8.14.1-2 [391 kB]
#8 6.684 Get:78 http://deb.debian.org/debian trixie/main amd64 curl amd64 8.14.1-2 [269 kB]
#8 6.692 Get:79 http://deb.debian.org/debian trixie/main amd64 libfakeroot amd64 1.37.1.1-1 [29.6 kB]
#8 6.693 Get:80 http://deb.debian.org/debian trixie/main amd64 fakeroot amd64 1.37.1.1-1 [76.0 kB]
#8 6.697 Get:81 http://deb.debian.org/debian trixie/main amd64 libalgorithm-diff-perl all 1.201-1 [43.3 kB]
#8 6.699 Get:82 http://deb.debian.org/debian trixie/main amd64 libalgorithm-diff-xs-perl amd64 0.04-9 [11.1 kB]
#8 6.700 Get:83 http://deb.debian.org/debian trixie/main amd64 libalgorithm-merge-perl all 0.08-5 [11.8 kB]
#8 6.740 Get:84 http://deb.debian.org/debian trixie/main amd64 libfile-fcntllock-perl amd64 0.22-4+b4 [34.6 kB]
#8 6.743 Get:85 http://deb.debian.org/debian trixie/main amd64 libldap-common all 2.6.10+dfsg-1 [35.1 kB]
#8 6.748 Get:86 http://deb.debian.org/debian trixie/main amd64 libsasl2-modules amd64 2.1.28+dfsg1-9 [66.7 kB]
#8 6.754 Get:87 http://deb.debian.org/debian trixie/main amd64 manpages-dev all 6.9.1-1 [2122 kB]
#8 6.819 Get:88 http://deb.debian.org/debian trixie/main amd64 publicsuffix all 20250328.1952-0.1 [296 kB]
#8 6.835 Get:89 http://deb.debian.org/debian trixie/main amd64 sq amd64 1.3.1-2+b1 [5654 kB]
#8 7.134 debconf: unable to initialize frontend: Dialog
#8 7.134 debconf: (TERM is not set, so the dialog frontend is not usable.)
#8 7.134 debconf: falling back to frontend: Readline
#8 7.134 debconf: unable to initialize frontend: Readline
#8 7.134 debconf: (Can't locate Term/ReadLine.pm in @INC (you may need to install the Term::ReadLine module) (@INC entries checked: /etc/perl /usr/local/lib/x86_64-linux-gnu/perl/5.40.1 /usr/local/share/perl/5.40.1 /usr/lib/x86_64-linux-gnu/perl5/5.40 /usr/share/perl5 /usr/lib/x86_64-linux-gnu/perl-base /usr/lib/x86_64-linux-gnu/perl/5.40 /usr/share/perl/5.40 /usr/local/lib/site_perl) at /usr/share/perl5/Debconf/FrontEnd/Readline.pm line 8, <STDIN> line 89.)
#8 7.134 debconf: falling back to frontend: Teletype
#8 7.139 debconf: unable to initialize frontend: Teletype
#8 7.139 debconf: (This frontend requires a controlling tty.)
#8 7.139 debconf: falling back to frontend: Noninteractive
#8 8.574 Fetched 97.4 MB in 3s (28.7 MB/s)
#8 8.600 Selecting previously unselected package liblocale-gettext-perl.
#8 8.600 (Reading database ... 
(Reading database ... 5%
(Reading database ... 10%
(Reading database ... 15%
(Reading database ... 20%
(Reading database ... 25%
(Reading database ... 30%
(Reading database ... 35%
(Reading database ... 40%
(Reading database ... 45%
(Reading database ... 50%
(Reading database ... 55%
(Reading database ... 60%
(Reading database ... 65%
(Reading database ... 70%
(Reading database ... 75%
(Reading database ... 80%
(Reading database ... 85%
(Reading database ... 90%
(Reading database ... 95%
(Reading database ... 100%
(Reading database ... 5644 files and directories currently installed.)
#8 8.606 Preparing to unpack .../00-liblocale-gettext-perl_1.07-7+b1_amd64.deb ...
#8 8.612 Unpacking liblocale-gettext-perl (1.07-7+b1) ...
#8 8.661 Selecting previously unselected package bash-completion.
#8 8.662 Preparing to unpack .../01-bash-completion_1%3a2.16.0-7_all.deb ...
#8 8.668 Unpacking bash-completion (1:2.16.0-7) ...
#8 8.802 Selecting previously unselected package bzip2.
#8 8.803 Preparing to unpack .../02-bzip2_1.0.8-6_amd64.deb ...
#8 8.810 Unpacking bzip2 (1.0.8-6) ...
#8 8.854 Selecting previously unselected package krb5-locales.
#8 8.855 Preparing to unpack .../03-krb5-locales_1.21.3-5_all.deb ...
#8 8.862 Unpacking krb5-locales (1.21.3-5) ...
#8 8.908 Selecting previously unselected package manpages.
#8 8.909 Preparing to unpack .../04-manpages_6.9.1-1_all.deb ...
#8 8.916 Unpacking manpages (6.9.1-1) ...
#8 8.988 Selecting previously unselected package perl-modules-5.40.
#8 8.989 Preparing to unpack .../05-perl-modules-5.40_5.40.1-6_all.deb ...
#8 8.996 Unpacking perl-modules-5.40 (5.40.1-6) ...
#8 9.283 Selecting previously unselected package libgdbm-compat4t64:amd64.
#8 9.284 Preparing to unpack .../06-libgdbm-compat4t64_1.24-2_amd64.deb ...
#8 9.297 Unpacking libgdbm-compat4t64:amd64 (1.24-2) ...
#8 9.349 Selecting previously unselected package libperl5.40:amd64.
#8 9.350 Preparing to unpack .../07-libperl5.40_5.40.1-6_amd64.deb ...
#8 9.357 Unpacking libperl5.40:amd64 (5.40.1-6) ...
#8 9.624 Selecting previously unselected package perl.
#8 9.625 Preparing to unpack .../08-perl_5.40.1-6_amd64.deb ...
#8 9.631 Unpacking perl (5.40.1-6) ...
#8 9.692 Selecting previously unselected package xz-utils.
#8 9.693 Preparing to unpack .../09-xz-utils_5.8.1-1_amd64.deb ...
#8 9.699 Unpacking xz-utils (5.8.1-1) ...
#8 9.766 Selecting previously unselected package libsframe1:amd64.
#8 9.767 Preparing to unpack .../10-libsframe1_2.44-3_amd64.deb ...
#8 9.775 Unpacking libsframe1:amd64 (2.44-3) ...
#8 9.830 Selecting previously unselected package binutils-common:amd64.
#8 9.831 Preparing to unpack .../11-binutils-common_2.44-3_amd64.deb ...
#8 9.838 Unpacking binutils-common:amd64 (2.44-3) ...
#8 10.01 Selecting previously unselected package libbinutils:amd64.
#8 10.01 Preparing to unpack .../12-libbinutils_2.44-3_amd64.deb ...
#8 10.02 Unpacking libbinutils:amd64 (2.44-3) ...
#8 10.10 Selecting previously unselected package libgprofng0:amd64.
#8 10.10 Preparing to unpack .../13-libgprofng0_2.44-3_amd64.deb ...
#8 10.11 Unpacking libgprofng0:amd64 (2.44-3) ...
#8 10.19 Selecting previously unselected package libctf-nobfd0:amd64.
#8 10.19 Preparing to unpack .../14-libctf-nobfd0_2.44-3_amd64.deb ...
#8 10.20 Unpacking libctf-nobfd0:amd64 (2.44-3) ...
#8 10.26 Selecting previously unselected package libctf0:amd64.
#8 10.27 Preparing to unpack .../15-libctf0_2.44-3_amd64.deb ...
#8 10.27 Unpacking libctf0:amd64 (2.44-3) ...
#8 10.32 Selecting previously unselected package libjansson4:amd64.
#8 10.32 Preparing to unpack .../16-libjansson4_2.14-2+b3_amd64.deb ...
#8 10.33 Unpacking libjansson4:amd64 (2.14-2+b3) ...
#8 10.37 Selecting previously unselected package binutils-x86-64-linux-gnu.
#8 10.38 Preparing to unpack .../17-binutils-x86-64-linux-gnu_2.44-3_amd64.deb ...
#8 10.38 Unpacking binutils-x86-64-linux-gnu (2.44-3) ...
#8 10.49 Selecting previously unselected package binutils.
#8 10.49 Preparing to unpack .../18-binutils_2.44-3_amd64.deb ...
#8 10.50 Unpacking binutils (2.44-3) ...
#8 10.55 Selecting previously unselected package libc-dev-bin.
#8 10.55 Preparing to unpack .../19-libc-dev-bin_2.41-12_amd64.deb ...
#8 10.56 Unpacking libc-dev-bin (2.41-12) ...
#8 10.60 Selecting previously unselected package linux-libc-dev.
#8 10.60 Preparing to unpack .../20-linux-libc-dev_6.12.48-1_all.deb ...
#8 10.61 Unpacking linux-libc-dev (6.12.48-1) ...
#8 10.96 Selecting previously unselected package libcrypt-dev:amd64.
#8 10.96 Preparing to unpack .../21-libcrypt-dev_1%3a4.4.38-1_amd64.deb ...
#8 10.97 Unpacking libcrypt-dev:amd64 (1:4.4.38-1) ...
#8 11.01 Selecting previously unselected package rpcsvc-proto.
#8 11.01 Preparing to unpack .../22-rpcsvc-proto_1.4.3-1_amd64.deb ...
#8 11.02 Unpacking rpcsvc-proto (1.4.3-1) ...
#8 11.06 Selecting previously unselected package libc6-dev:amd64.
#8 11.06 Preparing to unpack .../23-libc6-dev_2.41-12_amd64.deb ...
#8 11.07 Unpacking libc6-dev:amd64 (2.41-12) ...
#8 11.23 Selecting previously unselected package libisl23:amd64.
#8 11.23 Preparing to unpack .../24-libisl23_0.27-1_amd64.deb ...
#8 11.23 Unpacking libisl23:amd64 (0.27-1) ...
#8 11.31 Selecting previously unselected package libmpfr6:amd64.
#8 11.31 Preparing to unpack .../25-libmpfr6_4.2.2-1_amd64.deb ...
#8 11.32 Unpacking libmpfr6:amd64 (4.2.2-1) ...
#8 11.38 Selecting previously unselected package libmpc3:amd64.
#8 11.39 Preparing to unpack .../26-libmpc3_1.3.1-1+b3_amd64.deb ...
#8 11.39 Unpacking libmpc3:amd64 (1.3.1-1+b3) ...
#8 11.44 Selecting previously unselected package cpp-14-x86-64-linux-gnu.
#8 11.44 Preparing to unpack .../27-cpp-14-x86-64-linux-gnu_14.2.0-19_amd64.deb ...
#8 11.45 Unpacking cpp-14-x86-64-linux-gnu (14.2.0-19) ...
#8 11.89 Selecting previously unselected package cpp-14.
#8 11.90 Preparing to unpack .../28-cpp-14_14.2.0-19_amd64.deb ...
#8 11.90 Unpacking cpp-14 (14.2.0-19) ...
#8 11.95 Selecting previously unselected package cpp-x86-64-linux-gnu.
#8 11.95 Preparing to unpack .../29-cpp-x86-64-linux-gnu_4%3a14.2.0-1_amd64.deb ...
#8 11.96 Unpacking cpp-x86-64-linux-gnu (4:14.2.0-1) ...
#8 12.01 Selecting previously unselected package cpp.
#8 12.01 Preparing to unpack .../30-cpp_4%3a14.2.0-1_amd64.deb ...
#8 12.02 Unpacking cpp (4:14.2.0-1) ...
#8 12.07 Selecting previously unselected package libcc1-0:amd64.
#8 12.08 Preparing to unpack .../31-libcc1-0_14.2.0-19_amd64.deb ...
#8 12.09 Unpacking libcc1-0:amd64 (14.2.0-19) ...
#8 12.14 Selecting previously unselected package libgomp1:amd64.
#8 12.14 Preparing to unpack .../32-libgomp1_14.2.0-19_amd64.deb ...
#8 12.15 Unpacking libgomp1:amd64 (14.2.0-19) ...
#8 12.20 Selecting previously unselected package libitm1:amd64.
#8 12.20 Preparing to unpack .../33-libitm1_14.2.0-19_amd64.deb ...
#8 12.21 Unpacking libitm1:amd64 (14.2.0-19) ...
#8 12.26 Selecting previously unselected package libatomic1:amd64.
#8 12.27 Preparing to unpack .../34-libatomic1_14.2.0-19_amd64.deb ...
#8 12.27 Unpacking libatomic1:amd64 (14.2.0-19) ...
#8 12.32 Selecting previously unselected package libasan8:amd64.
#8 12.33 Preparing to unpack .../35-libasan8_14.2.0-19_amd64.deb ...
#8 12.33 Unpacking libasan8:amd64 (14.2.0-19) ...
#8 12.50 Selecting previously unselected package liblsan0:amd64.
#8 12.50 Preparing to unpack .../36-liblsan0_14.2.0-19_amd64.deb ...
#8 12.51 Unpacking liblsan0:amd64 (14.2.0-19) ...
#8 12.61 Selecting previously unselected package libtsan2:amd64.
#8 12.61 Preparing to unpack .../37-libtsan2_14.2.0-19_amd64.deb ...
#8 12.62 Unpacking libtsan2:amd64 (14.2.0-19) ...
#8 12.78 Selecting previously unselected package libubsan1:amd64.
#8 12.78 Preparing to unpack .../38-libubsan1_14.2.0-19_amd64.deb ...
#8 12.79 Unpacking libubsan1:amd64 (14.2.0-19) ...
#8 12.89 Selecting previously unselected package libhwasan0:amd64.
#8 12.90 Preparing to unpack .../39-libhwasan0_14.2.0-19_amd64.deb ...
#8 12.91 Unpacking libhwasan0:amd64 (14.2.0-19) ...
#8 13.03 Selecting previously unselected package libquadmath0:amd64.
#8 13.03 Preparing to unpack .../40-libquadmath0_14.2.0-19_amd64.deb ...
#8 13.03 Unpacking libquadmath0:amd64 (14.2.0-19) ...
#8 13.08 Selecting previously unselected package libgcc-14-dev:amd64.
#8 13.09 Preparing to unpack .../41-libgcc-14-dev_14.2.0-19_amd64.deb ...
#8 13.09 Unpacking libgcc-14-dev:amd64 (14.2.0-19) ...
#8 13.24 Selecting previously unselected package gcc-14-x86-64-linux-gnu.
#8 13.25 Preparing to unpack .../42-gcc-14-x86-64-linux-gnu_14.2.0-19_amd64.deb ...
#8 13.25 Unpacking gcc-14-x86-64-linux-gnu (14.2.0-19) ...
#8 13.88 Selecting previously unselected package gcc-14.
#8 13.88 Preparing to unpack .../43-gcc-14_14.2.0-19_amd64.deb ...
#8 13.89 Unpacking gcc-14 (14.2.0-19) ...
#8 13.95 Selecting previously unselected package gcc-x86-64-linux-gnu.
#8 13.95 Preparing to unpack .../44-gcc-x86-64-linux-gnu_4%3a14.2.0-1_amd64.deb ...
#8 13.96 Unpacking gcc-x86-64-linux-gnu (4:14.2.0-1) ...
#8 14.01 Selecting previously unselected package gcc.
#8 14.01 Preparing to unpack .../45-gcc_4%3a14.2.0-1_amd64.deb ...
#8 14.02 Unpacking gcc (4:14.2.0-1) ...
#8 14.07 Selecting previously unselected package libstdc++-14-dev:amd64.
#8 14.07 Preparing to unpack .../46-libstdc++-14-dev_14.2.0-19_amd64.deb ...
#8 14.08 Unpacking libstdc++-14-dev:amd64 (14.2.0-19) ...
#8 14.27 Selecting previously unselected package g++-14-x86-64-linux-gnu.
#8 14.27 Preparing to unpack .../47-g++-14-x86-64-linux-gnu_14.2.0-19_amd64.deb ...
#8 14.28 Unpacking g++-14-x86-64-linux-gnu (14.2.0-19) ...
#8 14.73 Selecting previously unselected package g++-14.
#8 14.73 Preparing to unpack .../48-g++-14_14.2.0-19_amd64.deb ...
#8 14.74 Unpacking g++-14 (14.2.0-19) ...
#8 14.78 Selecting previously unselected package g++-x86-64-linux-gnu.
#8 14.78 Preparing to unpack .../49-g++-x86-64-linux-gnu_4%3a14.2.0-1_amd64.deb ...
#8 14.79 Unpacking g++-x86-64-linux-gnu (4:14.2.0-1) ...
#8 14.83 Selecting previously unselected package g++.
#8 14.83 Preparing to unpack .../50-g++_4%3a14.2.0-1_amd64.deb ...
#8 14.84 Unpacking g++ (4:14.2.0-1) ...
#8 14.88 Selecting previously unselected package make.
#8 14.88 Preparing to unpack .../51-make_4.4.1-2_amd64.deb ...
#8 14.89 Unpacking make (4.4.1-2) ...
#8 14.95 Selecting previously unselected package libdpkg-perl.
#8 14.95 Preparing to unpack .../52-libdpkg-perl_1.22.21_all.deb ...
#8 14.96 Unpacking libdpkg-perl (1.22.21) ...
#8 15.03 Selecting previously unselected package patch.
#8 15.03 Preparing to unpack .../53-patch_2.8-2_amd64.deb ...
#8 15.04 Unpacking patch (2.8-2) ...
#8 15.09 Selecting previously unselected package dpkg-dev.
#8 15.09 Preparing to unpack .../54-dpkg-dev_1.22.21_all.deb ...
#8 15.10 Unpacking dpkg-dev (1.22.21) ...
#8 15.18 Selecting previously unselected package build-essential.
#8 15.18 Preparing to unpack .../55-build-essential_12.12_amd64.deb ...
#8 15.19 Unpacking build-essential (12.12) ...
#8 15.24 Selecting previously unselected package libbrotli1:amd64.
#8 15.24 Preparing to unpack .../56-libbrotli1_1.1.0-2+b7_amd64.deb ...
#8 15.24 Unpacking libbrotli1:amd64 (1.1.0-2+b7) ...
#8 15.31 Selecting previously unselected package libkrb5support0:amd64.
#8 15.31 Preparing to unpack .../57-libkrb5support0_1.21.3-5_amd64.deb ...
#8 15.32 Unpacking libkrb5support0:amd64 (1.21.3-5) ...
#8 15.37 Selecting previously unselected package libcom-err2:amd64.
#8 15.37 Preparing to unpack .../58-libcom-err2_1.47.2-3+b3_amd64.deb ...
#8 15.38 Unpacking libcom-err2:amd64 (1.47.2-3+b3) ...
#8 15.43 Selecting previously unselected package libk5crypto3:amd64.
#8 15.43 Preparing to unpack .../59-libk5crypto3_1.21.3-5_amd64.deb ...
#8 15.44 Unpacking libk5crypto3:amd64 (1.21.3-5) ...
#8 15.49 Selecting previously unselected package libkeyutils1:amd64.
#8 15.49 Preparing to unpack .../60-libkeyutils1_1.6.3-6_amd64.deb ...
#8 15.50 Unpacking libkeyutils1:amd64 (1.6.3-6) ...
#8 15.54 Selecting previously unselected package libkrb5-3:amd64.
#8 15.55 Preparing to unpack .../61-libkrb5-3_1.21.3-5_amd64.deb ...
#8 15.55 Unpacking libkrb5-3:amd64 (1.21.3-5) ...
#8 15.62 Selecting previously unselected package libgssapi-krb5-2:amd64.
#8 15.63 Preparing to unpack .../62-libgssapi-krb5-2_1.21.3-5_amd64.deb ...
#8 15.63 Unpacking libgssapi-krb5-2:amd64 (1.21.3-5) ...
#8 15.69 Selecting previously unselected package libunistring5:amd64.
#8 15.69 Preparing to unpack .../63-libunistring5_1.3-2_amd64.deb ...
#8 15.70 Unpacking libunistring5:amd64 (1.3-2) ...
#8 15.77 Selecting previously unselected package libidn2-0:amd64.
#8 15.78 Preparing to unpack .../64-libidn2-0_2.3.8-2_amd64.deb ...
#8 15.78 Unpacking libidn2-0:amd64 (2.3.8-2) ...
#8 15.83 Selecting previously unselected package libsasl2-modules-db:amd64.
#8 15.83 Preparing to unpack .../65-libsasl2-modules-db_2.1.28+dfsg1-9_amd64.deb ...
#8 15.84 Unpacking libsasl2-modules-db:amd64 (2.1.28+dfsg1-9) ...
#8 15.89 Selecting previously unselected package libsasl2-2:amd64.
#8 15.89 Preparing to unpack .../66-libsasl2-2_2.1.28+dfsg1-9_amd64.deb ...
#8 15.90 Unpacking libsasl2-2:amd64 (2.1.28+dfsg1-9) ...
#8 16.02 Selecting previously unselected package libldap2:amd64.
#8 16.02 Preparing to unpack .../67-libldap2_2.6.10+dfsg-1_amd64.deb ...
#8 16.03 Unpacking libldap2:amd64 (2.6.10+dfsg-1) ...
#8 16.08 Selecting previously unselected package libnghttp2-14:amd64.
#8 16.09 Preparing to unpack .../68-libnghttp2-14_1.64.0-1.1_amd64.deb ...
#8 16.09 Unpacking libnghttp2-14:amd64 (1.64.0-1.1) ...
#8 16.15 Selecting previously unselected package libnghttp3-9:amd64.
#8 16.15 Preparing to unpack .../69-libnghttp3-9_1.8.0-1_amd64.deb ...
#8 16.16 Unpacking libnghttp3-9:amd64 (1.8.0-1) ...
#8 16.21 Selecting previously unselected package libpsl5t64:amd64.
#8 16.21 Preparing to unpack .../70-libpsl5t64_0.21.2-1.1+b1_amd64.deb ...
#8 16.22 Unpacking libpsl5t64:amd64 (0.21.2-1.1+b1) ...
#8 16.27 Selecting previously unselected package libp11-kit0:amd64.
#8 16.27 Preparing to unpack .../71-libp11-kit0_0.25.5-3_amd64.deb ...
#8 16.28 Unpacking libp11-kit0:amd64 (0.25.5-3) ...
#8 16.35 Selecting previously unselected package libtasn1-6:amd64.
#8 16.35 Preparing to unpack .../72-libtasn1-6_4.20.0-2_amd64.deb ...
#8 16.35 Unpacking libtasn1-6:amd64 (4.20.0-2) ...
#8 16.40 Selecting previously unselected package libgnutls30t64:amd64.
#8 16.41 Preparing to unpack .../73-libgnutls30t64_3.8.9-3_amd64.deb ...
#8 16.41 Unpacking libgnutls30t64:amd64 (3.8.9-3) ...
#8 16.50 Selecting previously unselected package librtmp1:amd64.
#8 16.50 Preparing to unpack .../74-librtmp1_2.4+20151223.gitfa8646d.1-2+b5_amd64.deb ...
#8 16.51 Unpacking librtmp1:amd64 (2.4+20151223.gitfa8646d.1-2+b5) ...
#8 16.56 Selecting previously unselected package libssh2-1t64:amd64.
#8 16.56 Preparing to unpack .../75-libssh2-1t64_1.11.1-1_amd64.deb ...
#8 16.57 Unpacking libssh2-1t64:amd64 (1.11.1-1) ...
#8 16.63 Selecting previously unselected package libcurl4t64:amd64.
#8 16.63 Preparing to unpack .../76-libcurl4t64_8.14.1-2_amd64.deb ...
#8 16.64 Unpacking libcurl4t64:amd64 (8.14.1-2) ...
#8 16.70 Selecting previously unselected package curl.
#8 16.70 Preparing to unpack .../77-curl_8.14.1-2_amd64.deb ...
#8 16.70 Unpacking curl (8.14.1-2) ...
#8 16.76 Selecting previously unselected package libfakeroot:amd64.
#8 16.76 Preparing to unpack .../78-libfakeroot_1.37.1.1-1_amd64.deb ...
#8 16.77 Unpacking libfakeroot:amd64 (1.37.1.1-1) ...
#8 16.83 Selecting previously unselected package fakeroot.
#8 16.83 Preparing to unpack .../79-fakeroot_1.37.1.1-1_amd64.deb ...
#8 16.84 Unpacking fakeroot (1.37.1.1-1) ...
#8 16.88 Selecting previously unselected package libalgorithm-diff-perl.
#8 16.88 Preparing to unpack .../80-libalgorithm-diff-perl_1.201-1_all.deb ...
#8 16.89 Unpacking libalgorithm-diff-perl (1.201-1) ...
#8 16.93 Selecting previously unselected package libalgorithm-diff-xs-perl.
#8 16.93 Preparing to unpack .../81-libalgorithm-diff-xs-perl_0.04-9_amd64.deb ...
#8 16.94 Unpacking libalgorithm-diff-xs-perl (0.04-9) ...
#8 16.99 Selecting previously unselected package libalgorithm-merge-perl.
#8 16.99 Preparing to unpack .../82-libalgorithm-merge-perl_0.08-5_all.deb ...
#8 16.99 Unpacking libalgorithm-merge-perl (0.08-5) ...
#8 17.04 Selecting previously unselected package libfile-fcntllock-perl.
#8 17.04 Preparing to unpack .../83-libfile-fcntllock-perl_0.22-4+b4_amd64.deb ...
#8 17.06 Unpacking libfile-fcntllock-perl (0.22-4+b4) ...
#8 17.11 Selecting previously unselected package libldap-common.
#8 17.11 Preparing to unpack .../84-libldap-common_2.6.10+dfsg-1_all.deb ...
#8 17.12 Unpacking libldap-common (2.6.10+dfsg-1) ...
#8 17.18 Selecting previously unselected package libsasl2-modules:amd64.
#8 17.18 Preparing to unpack .../85-libsasl2-modules_2.1.28+dfsg1-9_amd64.deb ...
#8 17.19 Unpacking libsasl2-modules:amd64 (2.1.28+dfsg1-9) ...
#8 17.23 Selecting previously unselected package manpages-dev.
#8 17.23 Preparing to unpack .../86-manpages-dev_6.9.1-1_all.deb ...
#8 17.24 Unpacking manpages-dev (6.9.1-1) ...
#8 17.36 Selecting previously unselected package publicsuffix.
#8 17.36 Preparing to unpack .../87-publicsuffix_20250328.1952-0.1_all.deb ...
#8 17.36 Unpacking publicsuffix (20250328.1952-0.1) ...
#8 17.42 Selecting previously unselected package sq.
#8 17.42 Preparing to unpack .../88-sq_1.3.1-2+b1_amd64.deb ...
#8 17.42 Unpacking sq (1.3.1-2+b1) ...
#8 17.71 Setting up libkeyutils1:amd64 (1.6.3-6) ...
#8 17.73 Setting up libgdbm-compat4t64:amd64 (1.24-2) ...
#8 17.75 Setting up manpages (6.9.1-1) ...
#8 17.77 Setting up libbrotli1:amd64 (1.1.0-2+b7) ...
#8 17.79 Setting up libsasl2-modules:amd64 (2.1.28+dfsg1-9) ...
#8 17.81 Setting up binutils-common:amd64 (2.44-3) ...
#8 17.83 Setting up libnghttp2-14:amd64 (1.64.0-1.1) ...
#8 17.85 Setting up linux-libc-dev (6.12.48-1) ...
#8 17.86 Setting up libctf-nobfd0:amd64 (2.44-3) ...
#8 17.88 Setting up krb5-locales (1.21.3-5) ...
#8 17.90 Setting up libcom-err2:amd64 (1.47.2-3+b3) ...
#8 17.92 Setting up sq (1.3.1-2+b1) ...
#8 17.94 Setting up libgomp1:amd64 (14.2.0-19) ...
#8 17.96 Setting up bzip2 (1.0.8-6) ...
#8 17.98 Setting up libldap-common (2.6.10+dfsg-1) ...
#8 18.00 Setting up libsframe1:amd64 (2.44-3) ...
#8 18.02 Setting up libfakeroot:amd64 (1.37.1.1-1) ...
#8 18.05 Setting up libjansson4:amd64 (2.14-2+b3) ...
#8 18.06 Setting up libkrb5support0:amd64 (1.21.3-5) ...
#8 18.08 Setting up libsasl2-modules-db:amd64 (2.1.28+dfsg1-9) ...
#8 18.10 Setting up fakeroot (1.37.1.1-1) ...
#8 18.12 update-alternatives: using /usr/bin/fakeroot-sysv to provide /usr/bin/fakeroot (fakeroot) in auto mode
#8 18.12 update-alternatives: warning: skip creation of /usr/share/man/man1/fakeroot.1.gz because associated file /usr/share/man/man1/fakeroot-sysv.1.gz (of link group fakeroot) doesn't exist
#8 18.12 update-alternatives: warning: skip creation of /usr/share/man/man1/faked.1.gz because associated file /usr/share/man/man1/faked-sysv.1.gz (of link group fakeroot) doesn't exist
#8 18.12 update-alternatives: warning: skip creation of /usr/share/man/es/man1/fakeroot.1.gz because associated file /usr/share/man/es/man1/fakeroot-sysv.1.gz (of link group fakeroot) doesn't exist
#8 18.12 update-alternatives: warning: skip creation of /usr/share/man/es/man1/faked.1.gz because associated file /usr/share/man/es/man1/faked-sysv.1.gz (of link group fakeroot) doesn't exist
#8 18.12 update-alternatives: warning: skip creation of /usr/share/man/fr/man1/fakeroot.1.gz because associated file /usr/share/man/fr/man1/fakeroot-sysv.1.gz (of link group fakeroot) doesn't exist
#8 18.12 update-alternatives: warning: skip creation of /usr/share/man/fr/man1/faked.1.gz because associated file /usr/share/man/fr/man1/faked-sysv.1.gz (of link group fakeroot) doesn't exist
#8 18.12 update-alternatives: warning: skip creation of /usr/share/man/sv/man1/fakeroot.1.gz because associated file /usr/share/man/sv/man1/fakeroot-sysv.1.gz (of link group fakeroot) doesn't exist
#8 18.12 update-alternatives: warning: skip creation of /usr/share/man/sv/man1/faked.1.gz because associated file /usr/share/man/sv/man1/faked-sysv.1.gz (of link group fakeroot) doesn't exist
#8 18.14 Setting up rpcsvc-proto (1.4.3-1) ...
#8 18.15 Setting up make (4.4.1-2) ...
#8 18.17 Setting up libmpfr6:amd64 (4.2.2-1) ...
#8 18.19 Setting up bash-completion (1:2.16.0-7) ...
#8 18.23 Setting up xz-utils (5.8.1-1) ...
#8 18.25 update-alternatives: using /usr/bin/xz to provide /usr/bin/lzma (lzma) in auto mode
#8 18.25 update-alternatives: warning: skip creation of /usr/share/man/man1/lzma.1.gz because associated file /usr/share/man/man1/xz.1.gz (of link group lzma) doesn't exist
#8 18.25 update-alternatives: warning: skip creation of /usr/share/man/man1/unlzma.1.gz because associated file /usr/share/man/man1/unxz.1.gz (of link group lzma) doesn't exist
#8 18.25 update-alternatives: warning: skip creation of /usr/share/man/man1/lzcat.1.gz because associated file /usr/share/man/man1/xzcat.1.gz (of link group lzma) doesn't exist
#8 18.25 update-alternatives: warning: skip creation of /usr/share/man/man1/lzmore.1.gz because associated file /usr/share/man/man1/xzmore.1.gz (of link group lzma) doesn't exist
#8 18.25 update-alternatives: warning: skip creation of /usr/share/man/man1/lzless.1.gz because associated file /usr/share/man/man1/xzless.1.gz (of link group lzma) doesn't exist
#8 18.25 update-alternatives: warning: skip creation of /usr/share/man/man1/lzdiff.1.gz because associated file /usr/share/man/man1/xzdiff.1.gz (of link group lzma) doesn't exist
#8 18.25 update-alternatives: warning: skip creation of /usr/share/man/man1/lzcmp.1.gz because associated file /usr/share/man/man1/xzcmp.1.gz (of link group lzma) doesn't exist
#8 18.25 update-alternatives: warning: skip creation of /usr/share/man/man1/lzgrep.1.gz because associated file /usr/share/man/man1/xzgrep.1.gz (of link group lzma) doesn't exist
#8 18.25 update-alternatives: warning: skip creation of /usr/share/man/man1/lzegrep.1.gz because associated file /usr/share/man/man1/xzegrep.1.gz (of link group lzma) doesn't exist
#8 18.25 update-alternatives: warning: skip creation of /usr/share/man/man1/lzfgrep.1.gz because associated file /usr/share/man/man1/xzfgrep.1.gz (of link group lzma) doesn't exist
#8 18.26 Setting up libquadmath0:amd64 (14.2.0-19) ...
#8 18.28 Setting up libp11-kit0:amd64 (0.25.5-3) ...
#8 18.30 Setting up libunistring5:amd64 (1.3-2) ...
#8 18.32 Setting up libmpc3:amd64 (1.3.1-1+b3) ...
#8 18.34 Setting up libatomic1:amd64 (14.2.0-19) ...
#8 18.35 Setting up patch (2.8-2) ...
#8 18.37 Setting up libk5crypto3:amd64 (1.21.3-5) ...
#8 18.39 Setting up libsasl2-2:amd64 (2.1.28+dfsg1-9) ...
#8 18.41 Setting up libnghttp3-9:amd64 (1.8.0-1) ...
#8 18.43 Setting up libubsan1:amd64 (14.2.0-19) ...
#8 18.45 Setting up perl-modules-5.40 (5.40.1-6) ...
#8 18.47 Setting up libhwasan0:amd64 (14.2.0-19) ...
#8 18.49 Setting up libcrypt-dev:amd64 (1:4.4.38-1) ...
#8 18.51 Setting up libasan8:amd64 (14.2.0-19) ...
#8 18.53 Setting up libtasn1-6:amd64 (4.20.0-2) ...
#8 18.55 Setting up libkrb5-3:amd64 (1.21.3-5) ...
#8 18.57 Setting up libssh2-1t64:amd64 (1.11.1-1) ...
#8 18.59 Setting up libtsan2:amd64 (14.2.0-19) ...
#8 18.60 Setting up libbinutils:amd64 (2.44-3) ...
#8 18.62 Setting up libisl23:amd64 (0.27-1) ...
#8 18.64 Setting up libc-dev-bin (2.41-12) ...
#8 18.66 Setting up publicsuffix (20250328.1952-0.1) ...
#8 18.68 Setting up libcc1-0:amd64 (14.2.0-19) ...
#8 18.70 Setting up libldap2:amd64 (2.6.10+dfsg-1) ...
#8 18.72 Setting up liblocale-gettext-perl (1.07-7+b1) ...
#8 18.74 Setting up liblsan0:amd64 (14.2.0-19) ...
#8 18.76 Setting up libitm1:amd64 (14.2.0-19) ...
#8 18.78 Setting up libctf0:amd64 (2.44-3) ...
#8 18.80 Setting up manpages-dev (6.9.1-1) ...
#8 18.81 Setting up libidn2-0:amd64 (2.3.8-2) ...
#8 18.83 Setting up libperl5.40:amd64 (5.40.1-6) ...
#8 18.85 Setting up perl (5.40.1-6) ...
#8 18.89 Setting up libgprofng0:amd64 (2.44-3) ...
#8 18.91 Setting up libgssapi-krb5-2:amd64 (1.21.3-5) ...
#8 18.93 Setting up cpp-14-x86-64-linux-gnu (14.2.0-19) ...
#8 18.95 Setting up libdpkg-perl (1.22.21) ...
#8 18.97 Setting up cpp-14 (14.2.0-19) ...
#8 18.99 Setting up libc6-dev:amd64 (2.41-12) ...
#8 19.01 Setting up libgcc-14-dev:amd64 (14.2.0-19) ...
#8 19.03 Setting up libstdc++-14-dev:amd64 (14.2.0-19) ...
#8 19.05 Setting up binutils-x86-64-linux-gnu (2.44-3) ...
#8 19.07 Setting up cpp-x86-64-linux-gnu (4:14.2.0-1) ...
#8 19.09 Setting up libgnutls30t64:amd64 (3.8.9-3) ...
#8 19.11 Setting up libfile-fcntllock-perl (0.22-4+b4) ...
#8 19.13 Setting up libalgorithm-diff-perl (1.201-1) ...
#8 19.15 Setting up libpsl5t64:amd64 (0.21.2-1.1+b1) ...
#8 19.17 Setting up binutils (2.44-3) ...
#8 19.19 Setting up dpkg-dev (1.22.21) ...
#8 19.23 Setting up librtmp1:amd64 (2.4+20151223.gitfa8646d.1-2+b5) ...
#8 19.24 Setting up cpp (4:14.2.0-1) ...
#8 19.27 Setting up gcc-14-x86-64-linux-gnu (14.2.0-19) ...
#8 19.29 Setting up libalgorithm-diff-xs-perl (0.04-9) ...
#8 19.31 Setting up libalgorithm-merge-perl (0.08-5) ...
#8 19.33 Setting up gcc-x86-64-linux-gnu (4:14.2.0-1) ...
#8 19.35 Setting up libcurl4t64:amd64 (8.14.1-2) ...
#8 19.38 Setting up gcc-14 (14.2.0-19) ...
#8 19.40 Setting up g++-14-x86-64-linux-gnu (14.2.0-19) ...
#8 19.42 Setting up g++-x86-64-linux-gnu (4:14.2.0-1) ...
#8 19.44 Setting up curl (8.14.1-2) ...
#8 19.46 Setting up g++-14 (14.2.0-19) ...
#8 19.48 Setting up gcc (4:14.2.0-1) ...
#8 19.51 Setting up g++ (4:14.2.0-1) ...
#8 19.52 update-alternatives: using /usr/bin/g++ to provide /usr/bin/c++ (c++) in auto mode
#8 19.53 Setting up build-essential (12.12) ...
#8 19.55 Processing triggers for libc-bin (2.41-12) ...
#8 DONE 19.8s

#9 [4/7] COPY requirements.txt .
#9 DONE 0.1s

#10 [5/7] RUN pip install --no-cache-dir --upgrade pip &&     pip install --no-cache-dir -r requirements.txt
#10 1.396 Requirement already satisfied: pip in /usr/local/lib/python3.11/site-packages (24.0)
#10 1.577 Collecting pip
#10 1.821   Downloading pip-25.3-py3-none-any.whl.metadata (4.7 kB)
#10 1.867 Downloading pip-25.3-py3-none-any.whl (1.8 MB)
#10 2.100    ???????????????????????????????????????? 1.8/1.8 MB 7.8 MB/s eta 0:00:00
#10 2.138 Installing collected packages: pip
#10 2.138   Attempting uninstall: pip
#10 2.140     Found existing installation: pip 24.0
#10 2.174     Uninstalling pip-24.0:
#10 2.308       Successfully uninstalled pip-24.0
#10 3.063 Successfully installed pip-25.3
#10 3.063 WARNING: Running pip as the 'root' user can result in broken permissions and conflicting behaviour with the system package manager. It is recommended to use a virtual environment instead: https://pip.pypa.io/warnings/venv
#10 3.759 Collecting fastapi==0.109.0 (from -r requirements.txt (line 2))
#10 3.899   Downloading fastapi-0.109.0-py3-none-any.whl.metadata (24 kB)
#10 3.967 Collecting uvicorn==0.27.0 (from uvicorn[standard]==0.27.0->-r requirements.txt (line 3))
#10 4.009   Downloading uvicorn-0.27.0-py3-none-any.whl.metadata (6.4 kB)
#10 4.179 Collecting pydantic==2.5.3 (from -r requirements.txt (line 4))
#10 4.219   Downloading pydantic-2.5.3-py3-none-any.whl.metadata (65 kB)
#10 4.311 Collecting pydantic-settings==2.1.0 (from -r requirements.txt (line 5))
#10 4.351   Downloading pydantic_settings-2.1.0-py3-none-any.whl.metadata (2.9 kB)
#10 4.441 Collecting langchain==0.1.5 (from -r requirements.txt (line 9))
#10 4.482   Downloading langchain-0.1.5-py3-none-any.whl.metadata (13 kB)
#10 4.574 Collecting langchain-core==0.1.23 (from -r requirements.txt (line 10))
#10 4.614   Downloading langchain_core-0.1.23-py3-none-any.whl.metadata (6.0 kB)
#10 4.671 Collecting langchain-community==0.0.20 (from -r requirements.txt (line 11))
#10 4.713   Downloading langchain_community-0.0.20-py3-none-any.whl.metadata (8.1 kB)
#10 4.942 Collecting langchain-google-genai==0.0.6 (from -r requirements.txt (line 14))
#10 4.983   Downloading langchain_google_genai-0.0.6-py3-none-any.whl.metadata (2.7 kB)
#10 5.209 Collecting langchain-experimental==0.0.50 (from -r requirements.txt (line 17))
#10 5.249   Downloading langchain_experimental-0.0.50-py3-none-any.whl.metadata (1.9 kB)
#10 5.470 Collecting qdrant-client==1.7.3 (from -r requirements.txt (line 20))
#10 5.512   Downloading qdrant_client-1.7.3-py3-none-any.whl.metadata (9.3 kB)
#10 5.566 Collecting sentence-transformers==2.3.1 (from -r requirements.txt (line 23))
#10 5.609   Downloading sentence_transformers-2.3.1-py3-none-any.whl.metadata (11 kB)
#10 5.664 Collecting pypdf==4.0.1 (from -r requirements.txt (line 26))
#10 5.706   Downloading pypdf-4.0.1-py3-none-any.whl.metadata (7.4 kB)
#10 5.761 Collecting python-docx==1.1.0 (from -r requirements.txt (line 27))
#10 5.802   Downloading python_docx-1.1.0-py3-none-any.whl.metadata (2.0 kB)
#10 5.851 Collecting python-pptx==0.6.23 (from -r requirements.txt (line 28))
#10 5.893   Downloading python_pptx-0.6.23-py3-none-any.whl.metadata (18 kB)
#10 5.949 Collecting openpyxl==3.1.2 (from -r requirements.txt (line 29))
#10 5.991   Downloading openpyxl-3.1.2-py2.py3-none-any.whl.metadata (2.5 kB)
#10 6.063 Collecting unstructured==0.12.0 (from -r requirements.txt (line 30))
#10 6.103   Downloading unstructured-0.12.0-py3-none-any.whl.metadata (26 kB)
#10 6.183 Collecting langchain-text-splitters==0.0.1 (from -r requirements.txt (line 33))
#10 6.224   Downloading langchain_text_splitters-0.0.1-py3-none-any.whl.metadata (2.0 kB)
#10 6.286 Collecting redis==5.0.1 (from -r requirements.txt (line 36))
#10 6.325   Downloading redis-5.0.1-py3-none-any.whl.metadata (8.9 kB)
#10 6.382 Collecting python-dotenv==1.0.0 (from -r requirements.txt (line 39))
#10 6.423   Downloading python_dotenv-1.0.0-py3-none-any.whl.metadata (21 kB)
#10 6.474 Collecting python-multipart==0.0.6 (from -r requirements.txt (line 40))
#10 6.516   Downloading python_multipart-0.0.6-py3-none-any.whl.metadata (2.5 kB)
#10 6.593 Collecting watchdog==3.0.0 (from -r requirements.txt (line 41))
#10 6.633   Downloading watchdog-3.0.0-py3-none-manylinux2014_x86_64.whl.metadata (36 kB)
#10 6.697 Collecting requests==2.31.0 (from -r requirements.txt (line 42))
#10 6.736   Downloading requests-2.31.0-py3-none-any.whl.metadata (4.6 kB)
#10 6.784 Collecting loguru==0.7.2 (from -r requirements.txt (line 45))
#10 6.826   Downloading loguru-0.7.2-py3-none-any.whl.metadata (23 kB)
#10 6.880 Collecting python-jose==3.3.0 (from python-jose[cryptography]==3.3.0->-r requirements.txt (line 48))
#10 6.920   Downloading python_jose-3.3.0-py2.py3-none-any.whl.metadata (5.4 kB)
#10 6.973 Collecting passlib==1.7.4 (from passlib[bcrypt]==1.7.4->-r requirements.txt (line 49))
#10 7.012   Downloading passlib-1.7.4-py2.py3-none-any.whl.metadata (1.7 kB)
#10 7.151 Collecting pandas==2.1.4 (from -r requirements.txt (line 52))
#10 7.191   Downloading pandas-2.1.4-cp311-cp311-manylinux_2_17_x86_64.manylinux2014_x86_64.whl.metadata (18 kB)
#10 7.431 Collecting numpy==1.26.3 (from -r requirements.txt (line 53))
#10 7.470   Downloading numpy-1.26.3-cp311-cp311-manylinux_2_17_x86_64.manylinux2014_x86_64.whl.metadata (61 kB)
#10 7.577 Collecting starlette<0.36.0,>=0.35.0 (from fastapi==0.109.0->-r requirements.txt (line 2))
#10 7.617   Downloading starlette-0.35.1-py3-none-any.whl.metadata (5.8 kB)
#10 7.670 Collecting typing-extensions>=4.8.0 (from fastapi==0.109.0->-r requirements.txt (line 2))
#10 7.711   Downloading typing_extensions-4.15.0-py3-none-any.whl.metadata (3.3 kB)
#10 7.762 Collecting annotated-types>=0.4.0 (from pydantic==2.5.3->-r requirements.txt (line 4))
#10 7.803   Downloading annotated_types-0.7.0-py3-none-any.whl.metadata (15 kB)
#10 8.503 Collecting pydantic-core==2.14.6 (from pydantic==2.5.3->-r requirements.txt (line 4))
#10 8.543   Downloading pydantic_core-2.14.6-cp311-cp311-manylinux_2_17_x86_64.manylinux2014_x86_64.whl.metadata (6.5 kB)
#10 8.599 Collecting click>=7.0 (from uvicorn==0.27.0->uvicorn[standard]==0.27.0->-r requirements.txt (line 3))
#10 8.640   Downloading click-8.3.0-py3-none-any.whl.metadata (2.6 kB)
#10 8.690 Collecting h11>=0.8 (from uvicorn==0.27.0->uvicorn[standard]==0.27.0->-r requirements.txt (line 3))
#10 8.731   Downloading h11-0.16.0-py3-none-any.whl.metadata (8.3 kB)
#10 8.826 Collecting PyYAML>=5.3 (from langchain==0.1.5->-r requirements.txt (line 9))
#10 8.865   Downloading pyyaml-6.0.3-cp311-cp311-manylinux2014_x86_64.manylinux_2_17_x86_64.manylinux_2_28_x86_64.whl.metadata (2.4 kB)
#10 9.158 Collecting SQLAlchemy<3,>=1.4 (from langchain==0.1.5->-r requirements.txt (line 9))
#10 9.199   Downloading sqlalchemy-2.0.44-cp311-cp311-manylinux_2_17_x86_64.manylinux2014_x86_64.whl.metadata (9.5 kB)
#10 9.727 Collecting aiohttp<4.0.0,>=3.8.3 (from langchain==0.1.5->-r requirements.txt (line 9))
#10 9.766   Downloading aiohttp-3.13.1-cp311-cp311-manylinux2014_x86_64.manylinux_2_17_x86_64.manylinux_2_28_x86_64.whl.metadata (8.1 kB)
#10 9.827 Collecting dataclasses-json<0.7,>=0.5.7 (from langchain==0.1.5->-r requirements.txt (line 9))
#10 9.869   Downloading dataclasses_json-0.6.7-py3-none-any.whl.metadata (25 kB)
#10 9.921 Collecting jsonpatch<2.0,>=1.33 (from langchain==0.1.5->-r requirements.txt (line 9))
#10 9.964   Downloading jsonpatch-1.33-py2.py3-none-any.whl.metadata (3.0 kB)
#10 10.06 Collecting langsmith<0.1,>=0.0.83 (from langchain==0.1.5->-r requirements.txt (line 9))
#10 10.10   Downloading langsmith-0.0.92-py3-none-any.whl.metadata (9.9 kB)
#10 10.22 Collecting tenacity<9.0.0,>=8.1.0 (from langchain==0.1.5->-r requirements.txt (line 9))
#10 10.26   Downloading tenacity-8.5.0-py3-none-any.whl.metadata (1.2 kB)
#10 10.32 Collecting anyio<5,>=3 (from langchain-core==0.1.23->-r requirements.txt (line 10))
#10 10.36   Downloading anyio-4.11.0-py3-none-any.whl.metadata (4.1 kB)
#10 10.38 Collecting langsmith<0.1,>=0.0.83 (from langchain==0.1.5->-r requirements.txt (line 9))
#10 10.42   Downloading langsmith-0.0.87-py3-none-any.whl.metadata (10 kB)
#10 10.47 Collecting packaging<24.0,>=23.2 (from langchain-core==0.1.23->-r requirements.txt (line 10))
#10 10.51   Downloading packaging-23.2-py3-none-any.whl.metadata (3.2 kB)
#10 10.63 Collecting charset-normalizer<4,>=2 (from requests==2.31.0->-r requirements.txt (line 42))
#10 10.67   Downloading charset_normalizer-3.4.4-cp311-cp311-manylinux2014_x86_64.manylinux_2_17_x86_64.manylinux_2_28_x86_64.whl.metadata (37 kB)
#10 10.73 Collecting idna<4,>=2.5 (from requests==2.31.0->-r requirements.txt (line 42))
#10 10.77   Downloading idna-3.11-py3-none-any.whl.metadata (8.4 kB)
#10 10.83 Collecting urllib3<3,>=1.21.1 (from requests==2.31.0->-r requirements.txt (line 42))
#10 10.88   Downloading urllib3-2.5.0-py3-none-any.whl.metadata (6.5 kB)
#10 10.93 Collecting certifi>=2017.4.17 (from requests==2.31.0->-r requirements.txt (line 42))
#10 10.97   Downloading certifi-2025.10.5-py3-none-any.whl.metadata (2.5 kB)
#10 11.02 Collecting google-generativeai<0.4.0,>=0.3.1 (from langchain-google-genai==0.0.6->-r requirements.txt (line 14))
#10 11.06   Downloading google_generativeai-0.3.2-py3-none-any.whl.metadata (5.9 kB)
#10 11.65 Collecting grpcio>=1.41.0 (from qdrant-client==1.7.3->-r requirements.txt (line 20))
#10 11.69   Downloading grpcio-1.76.0-cp311-cp311-manylinux2014_x86_64.manylinux_2_17_x86_64.whl.metadata (3.7 kB)
#10 12.18 Collecting grpcio-tools>=1.41.0 (from qdrant-client==1.7.3->-r requirements.txt (line 20))
#10 12.22   Downloading grpcio_tools-1.76.0-cp311-cp311-manylinux2014_x86_64.manylinux_2_17_x86_64.whl.metadata (5.3 kB)
#10 12.28 Collecting httpx>=0.14.0 (from httpx[http2]>=0.14.0->qdrant-client==1.7.3->-r requirements.txt (line 20))
#10 12.32   Downloading httpx-0.28.1-py3-none-any.whl.metadata (7.1 kB)
#10 12.39 Collecting portalocker<3.0.0,>=2.7.0 (from qdrant-client==1.7.3->-r requirements.txt (line 20))
#10 12.43   Downloading portalocker-2.10.1-py3-none-any.whl.metadata (8.5 kB)
#10 12.54 Collecting transformers<5.0.0,>=4.32.0 (from sentence-transformers==2.3.1->-r requirements.txt (line 23))
#10 12.58   Downloading transformers-4.57.1-py3-none-any.whl.metadata (43 kB)
#10 12.84 Collecting tqdm (from sentence-transformers==2.3.1->-r requirements.txt (line 23))
#10 12.88   Downloading tqdm-4.67.1-py3-none-any.whl.metadata (57 kB)
#10 12.97 Collecting torch>=1.11.0 (from sentence-transformers==2.3.1->-r requirements.txt (line 23))
#10 13.01   Downloading torch-2.9.0-cp311-cp311-manylinux_2_28_x86_64.whl.metadata (30 kB)
#10 13.12 Collecting scikit-learn (from sentence-transformers==2.3.1->-r requirements.txt (line 23))
#10 13.16   Downloading scikit_learn-1.7.2-cp311-cp311-manylinux2014_x86_64.manylinux_2_17_x86_64.whl.metadata (11 kB)
#10 13.30 Collecting scipy (from sentence-transformers==2.3.1->-r requirements.txt (line 23))
#10 13.34   Downloading scipy-1.16.2-cp311-cp311-manylinux2014_x86_64.manylinux_2_17_x86_64.whl.metadata (62 kB)
#10 13.41 Collecting nltk (from sentence-transformers==2.3.1->-r requirements.txt (line 23))
#10 13.45   Downloading nltk-3.9.2-py3-none-any.whl.metadata (3.2 kB)
#10 13.53 Collecting sentencepiece (from sentence-transformers==2.3.1->-r requirements.txt (line 23))
#10 13.57   Downloading sentencepiece-0.2.1-cp311-cp311-manylinux_2_27_x86_64.manylinux_2_28_x86_64.whl.metadata (10 kB)
#10 13.65 Collecting huggingface-hub>=0.15.1 (from sentence-transformers==2.3.1->-r requirements.txt (line 23))
#10 13.70   Downloading huggingface_hub-1.0.0-py3-none-any.whl.metadata (13 kB)
#10 13.89 Collecting Pillow (from sentence-transformers==2.3.1->-r requirements.txt (line 23))
#10 13.93   Downloading pillow-12.0.0-cp311-cp311-manylinux_2_27_x86_64.manylinux_2_28_x86_64.whl.metadata (8.8 kB)
#10 14.15 Collecting lxml>=3.1.0 (from python-docx==1.1.0->-r requirements.txt (line 27))
#10 14.19   Downloading lxml-6.0.2-cp311-cp311-manylinux_2_26_x86_64.manylinux_2_28_x86_64.whl.metadata (3.6 kB)
#10 14.27 Collecting XlsxWriter>=0.5.7 (from python-pptx==0.6.23->-r requirements.txt (line 28))
#10 14.31   Downloading xlsxwriter-3.2.9-py3-none-any.whl.metadata (2.7 kB)
#10 14.35 Collecting et-xmlfile (from openpyxl==3.1.2->-r requirements.txt (line 29))
#10 14.39   Downloading et_xmlfile-2.0.0-py3-none-any.whl.metadata (2.7 kB)
#10 14.45 Collecting chardet (from unstructured==0.12.0->-r requirements.txt (line 30))
#10 14.49   Downloading chardet-5.2.0-py3-none-any.whl.metadata (3.4 kB)
#10 14.54 Collecting filetype (from unstructured==0.12.0->-r requirements.txt (line 30))
#10 14.58   Downloading filetype-1.2.0-py2.py3-none-any.whl.metadata (6.5 kB)
#10 14.63 Collecting python-magic (from unstructured==0.12.0->-r requirements.txt (line 30))
#10 14.67   Downloading python_magic-0.4.27-py2.py3-none-any.whl.metadata (5.8 kB)
#10 14.71 Collecting tabulate (from unstructured==0.12.0->-r requirements.txt (line 30))
#10 14.75   Downloading tabulate-0.9.0-py3-none-any.whl.metadata (34 kB)
#10 14.81 Collecting beautifulsoup4 (from unstructured==0.12.0->-r requirements.txt (line 30))
#10 14.85   Downloading beautifulsoup4-4.14.2-py3-none-any.whl.metadata (3.8 kB)
#10 14.91 Collecting emoji (from unstructured==0.12.0->-r requirements.txt (line 30))
#10 14.95   Downloading emoji-2.15.0-py3-none-any.whl.metadata (5.7 kB)
#10 15.00 Collecting python-iso639 (from unstructured==0.12.0->-r requirements.txt (line 30))
#10 15.04   Downloading python_iso639-2025.2.18-py3-none-any.whl.metadata (14 kB)
#10 15.09 Collecting langdetect (from unstructured==0.12.0->-r requirements.txt (line 30))
#10 15.13   Downloading langdetect-1.0.9.tar.gz (981 kB)
#10 15.26      ???????????????????????????????????????? 981.5/981.5 kB 9.1 MB/s  0:00:00
#10 15.31   Installing build dependencies: started
#10 16.44   Installing build dependencies: finished with status 'done'
#10 16.44   Getting requirements to build wheel: started
#10 16.74   Getting requirements to build wheel: finished with status 'done'
#10 16.74   Preparing metadata (pyproject.toml): started
#10 16.89   Preparing metadata (pyproject.toml): finished with status 'done'
#10 17.45 Collecting rapidfuzz (from unstructured==0.12.0->-r requirements.txt (line 30))
#10 17.49   Downloading rapidfuzz-3.14.1-cp311-cp311-manylinux_2_27_x86_64.manylinux_2_28_x86_64.whl.metadata (12 kB)
#10 17.54 Collecting backoff (from unstructured==0.12.0->-r requirements.txt (line 30))
#10 17.58   Downloading backoff-2.2.1-py3-none-any.whl.metadata (14 kB)
#10 17.65 Collecting unstructured-client (from unstructured==0.12.0->-r requirements.txt (line 30))
#10 17.69   Downloading unstructured_client-0.42.3-py3-none-any.whl.metadata (23 kB)
#10 17.83 Collecting wrapt (from unstructured==0.12.0->-r requirements.txt (line 30))
#10 17.87   Downloading wrapt-2.0.0-cp311-cp311-manylinux1_x86_64.manylinux_2_28_x86_64.manylinux_2_5_x86_64.whl.metadata (8.8 kB)
#10 17.89 INFO: pip is looking at multiple versions of langchain-text-splitters to determine which version is compatible with other requirements. This could take a while.
#10 17.90 ERROR: Cannot install -r requirements.txt (line 11), -r requirements.txt (line 14), -r requirements.txt (line 17), -r requirements.txt (line 33), -r requirements.txt (line 9) and langchain-core==0.1.23 because these package versions have conflicting dependencies.
#10 17.90 
#10 17.90 The conflict is caused by:
#10 17.90     The user requested langchain-core==0.1.23
#10 17.90     langchain 0.1.5 depends on langchain-core<0.2 and >=0.1.16
#10 17.90     langchain-community 0.0.20 depends on langchain-core<0.2 and >=0.1.21
#10 17.90     langchain-google-genai 0.0.6 depends on langchain-core<0.2 and >=0.1
#10 17.90     langchain-experimental 0.0.50 depends on langchain-core<0.2.0 and >=0.1.16
#10 17.90     langchain-text-splitters 0.0.1 depends on langchain-core<0.2.0 and >=0.1.28
#10 17.90 
#10 17.90 Additionally, some packages in these conflicts have no matching distributions available for your environment:
#10 17.90     langchain-core
#10 17.90 
#10 17.90 To fix this you could try to:
#10 17.90 1. loosen the range of package versions you've specified
#10 17.90 2. remove package versions to allow pip to attempt to solve the dependency conflict
#10 17.90 
#10 18.07 ERROR: ResolutionImpossible: for help visit https://pip.pypa.io/en/latest/topics/dependency-resolution/#dealing-with-dependency-conflicts
#10 ERROR: process "/bin/sh -c pip install --no-cache-dir --upgrade pip &&     pip install --no-cache-dir -r requirements.txt" did not complete successfully: exit code: 1
------
 > [5/7] RUN pip install --no-cache-dir --upgrade pip &&     pip install --no-cache-dir -r requirements.txt:
17.90     langchain-text-splitters 0.0.1 depends on langchain-core<0.2.0 and >=0.1.28
17.90 
17.90 Additionally, some packages in these conflicts have no matching distributions available for your environment:
17.90     langchain-core
17.90 
17.90 To fix this you could try to:
17.90 1. loosen the range of package versions you've specified
17.90 2. remove package versions to allow pip to attempt to solve the dependency conflict
17.90 
18.07 ERROR: ResolutionImpossible: for help visit https://pip.pypa.io/en/latest/topics/dependency-resolution/#dealing-with-dependency-conflicts
------
dockerfile:15

--------------------

  14 |     # 摰? Python 靘陷

  15 | >>> RUN pip install --no-cache-dir --upgrade pip && \

  16 | >>>     pip install --no-cache-dir -r requirements.txt

  17 |     

--------------------

failed to solve: process "/bin/sh -c pip install --no-cache-dir --upgrade pip &&     pip install --no-cache-dir -r requirements.txt" did not complete successfully: exit c
ode: 1



View build details: docker-desktop://dashboard/build/default/default/i9bc3utle876wbberi8yromfz

